#-----------------------------------------------------------
# Vivado v2024.1 (64-bit)
# SW Build 5076996 on Wed May 22 18:37:14 MDT 2024
# IP Build 5075265 on Wed May 22 21:45:21 MDT 2024
# SharedData Build 5076995 on Wed May 22 18:29:18 MDT 2024
# Start of session at: Wed Feb 12 12:14:57 2025
# Process ID: 17804
# Current directory: C:/Vivado_Projects/HammingCodeRx/HammingCodeRx.runs/impl_1
# Command line: vivado.exe -log HammingCodeRx.vdi -applog -product Vivado -messageDb vivado.pb -mode batch -source HammingCodeRx.tcl -notrace
# Log file: C:/Vivado_Projects/HammingCodeRx/HammingCodeRx.runs/impl_1/HammingCodeRx.vdi
# Journal file: C:/Vivado_Projects/HammingCodeRx/HammingCodeRx.runs/impl_1\vivado.jou
# Running On        :Saurav
# Platform          :Windows Server 2016 or Windows 10
# Operating System  :26100
# Processor Detail  :13th Gen Intel(R) Core(TM) i5-13450HX
# CPU Frequency     :2611 MHz
# CPU Physical cores:10
# CPU Logical cores :16
# Host memory       :16873 MB
# Swap memory       :4160 MB
# Total Virtual     :21034 MB
# Available Virtual :10815 MB
#-----------------------------------------------------------
source HammingCodeRx.tcl -notrace
